{"kind": "protocol-info", "rest": "[...]"}
{"kind": "response", "query-id": "1", "response": [], "status": "success"}
{"kind": "response", "query-id": "2", "response": [{"lid": "append_cons_snoc", "type": "u[...]: seq a -> x: a -> v: seq a ->\n  Prims.Lemma unit (equal (append u[...] (cons x v)) (append (snoc u[...] x) v)) []"}, {"lid": "lemma_cons_snoc", "type": "hd: a -> s: seq a -> tl: a ->\n  Prims.Lemma unit (equal (cons hd (snoc s tl)) (snoc (cons hd s) tl)) []"}], "status": "success"}
{"kind": "response", "query-id": "3", "response": [{"lid": "lemma_cons_snoc", "type": "hd: a -> s: seq a -> tl: a ->\n  Prims.Lemma unit (equal (cons hd (snoc s tl)) (snoc (cons hd s) tl)) []"}], "status": "success"}
{"kind": "response", "query-id": "4", "response": [{"lid": "append_cons_snoc", "type": "u[...]: seq a -> x: a -> v: seq a ->\n  Prims.Lemma unit (equal (append u[...] (cons x v)) (append (snoc u[...] x) v)) []"}], "status": "success"}
